stm32l4xx_it.c:74:6:NMI_Handler	4	static
stm32l4xx_it.c:86:6:HardFault_Handler	4	static
stm32l4xx_it.c:99:6:MemManage_Handler	4	static
stm32l4xx_it.c:112:6:BusFault_Handler	4	static
stm32l4xx_it.c:125:6:UsageFault_Handler	4	static
stm32l4xx_it.c:138:6:SVC_Handler	4	static
stm32l4xx_it.c:150:6:DebugMon_Handler	4	static
stm32l4xx_it.c:162:6:PendSV_Handler	4	static
stm32l4xx_it.c:174:6:SysTick_Handler	8	static
stm32l4xx_it.c:194:6:RCC_IRQHandler	4	static
stm32l4xx_it.c:206:6:EXTI9_5_IRQHandler	8	static
stm32l4xx_it.c:219:6:TIM1_UP_TIM16_IRQHandler	8	static
stm32l4xx_it.c:232:6:I2C1_EV_IRQHandler	8	static
stm32l4xx_it.c:245:6:I2C1_ER_IRQHandler	8	static
stm32l4xx_it.c:256:6:HAL_GPIO_EXTI_Callback	24	static
