stm32l4xx_it.c:72:6:NMI_Handler	4	static
stm32l4xx_it.c:84:6:HardFault_Handler	4	static
stm32l4xx_it.c:97:6:MemManage_Handler	4	static
stm32l4xx_it.c:110:6:BusFault_Handler	4	static
stm32l4xx_it.c:123:6:UsageFault_Handler	4	static
stm32l4xx_it.c:136:6:SVC_Handler	4	static
stm32l4xx_it.c:148:6:DebugMon_Handler	4	static
stm32l4xx_it.c:160:6:PendSV_Handler	4	static
stm32l4xx_it.c:172:6:SysTick_Handler	8	static
stm32l4xx_it.c:192:6:RCC_IRQHandler	4	static
stm32l4xx_it.c:204:6:EXTI9_5_IRQHandler	8	static
stm32l4xx_it.c:217:6:TIM1_UP_TIM16_IRQHandler	8	static
stm32l4xx_it.c:230:6:I2C1_EV_IRQHandler	8	static
stm32l4xx_it.c:243:6:I2C1_ER_IRQHandler	8	static
